// Jest Snapshot v1, https://goo.gl/fbAQLP

exports[`TimePicker Basic Test (generated) 1`] = `
<ui5-time-picker
  value-state="None"
/>
`;
