// Jest Snapshot v1, https://goo.gl/fbAQLP

exports[`Timeline Basic Test (generated) 1`] = `<ui5-timeline />`;
