// Jest Snapshot v1, https://goo.gl/fbAQLP

exports[`RadioButton Basic Test (generated) 1`] = `
<ui5-radiobutton
  value-state="None"
/>
`;
