// Jest Snapshot v1, https://goo.gl/fbAQLP

exports[`Button Basic Test (generated) 1`] = `
<DocumentFragment>
  <ui5-button
    design="Default"
  />
</DocumentFragment>
`;
