// Jest Snapshot v1, https://goo.gl/fbAQLP

exports[`GroupHeaderListItem Basic Test (generated) 1`] = `<ui5-li-groupheader />`;
