// Jest Snapshot v1, https://goo.gl/fbAQLP

exports[`ProductSwitch Basic Test (generated) 1`] = `<ui5-product-switch />`;
