// Jest Snapshot v1, https://goo.gl/fbAQLP

exports[`MultiComboBoxItem Basic Test (generated) 1`] = `
<ui5-mcb-item
  text=""
/>
`;
