// Jest Snapshot v1, https://goo.gl/fbAQLP

exports[`Option Basic Test (generated) 1`] = `<ui5-option />`;
