// Jest Snapshot v1, https://goo.gl/fbAQLP

exports[`Table Basic Test (generated) 1`] = `<ui5-table />`;
