// Jest Snapshot v1, https://goo.gl/fbAQLP

exports[`PieChart Renders with data 1`] = `
<div
  class="ChartContainer-chart-0 ChartContainer-chart-d0-0"
  style="position: relative; padding-top: 6px; width: 300px; height: 300px;"
>
  <div
    style="position: relative; height: 240px; width: 300px;"
  >
    <canvas
      class="chartjs-render-monitor"
      height="0"
      style="display: block;"
      width="0"
    />
  </div>
  <div
    class="legend"
  >
    <ul
      class="0-legend"
    >
      <li>
        <span
          style="background-color: rgb(15, 130, 143);"
        />
        Label 1
      </li>
      <li>
        <span
          style="background-color: rgb(90, 194, 206);"
        />
        Label 2
      </li>
      <li>
        <span
          style="background-color: rgb(3, 115, 77);"
        />
        Label 3
      </li>
    </ul>
  </div>
</div>
`;

exports[`PieChart loading placeholder 1`] = `
<div
  class="ChartContainer-chart-0 ChartContainer-chart-d1-0"
  style="position: relative; padding-top: 6px; width: 300px; height: 300px;"
>
  <svg
    aria-labelledby="ARIA-LABELLED-BY"
    height="100%"
    preserveAspectRatio="xMidYMid meet"
    role="img"
    viewBox="0 0 165 145"
    width="100%"
  >
    <title
      id="TITLE_ARIA_ID"
    >
      Loading...
    </title>
    <rect
      clip-path="CLIP-PATH-URL"
      height="100%"
      role="presentation"
      style="fill: url(#STYLE-URL);"
      width="100%"
      x="0"
      y="0"
    />
    <defs
      role="presentation"
    >
      <clipPath
        id="CLIP-PATH-URL"
      >
        <circle
          cx="85"
          cy="75"
          r="60"
        />
      </clipPath>
      <linearGradient
        id="STYLE-URL"
      >
        <stop
          offset="0%"
          stop-color="var(--sapContent_ImagePlaceholderBackground)"
          stop-opacity="var(--sapContent_DisabledOpacity)"
        >
          <animate
            attributeName="offset"
            dur="2s"
            keyTimes="0; 0.25; 1"
            repeatCount="indefinite"
            values="-2; -2; 1"
          />
        </stop>
        <stop
          offset="50%"
          stop-color="var(--sapContent_ImagePlaceholderForegroundColor)"
          stop-opacity="1"
        >
          <animate
            attributeName="offset"
            dur="2s"
            keyTimes="0; 0.25; 1"
            repeatCount="indefinite"
            values="-1; -1; 2"
          />
        </stop>
        <stop
          offset="100%"
          stop-color="var(--sapContent_ImagePlaceholderBackground)"
          stop-opacity="var(--sapContent_DisabledOpacity)"
        >
          <animate
            attributeName="offset"
            dur="2s"
            keyTimes="0; 0.25; 1"
            repeatCount="indefinite"
            values="0; 0; 3"
          />
        </stop>
      </linearGradient>
    </defs>
  </svg>
  <div
    class="legend"
  />
</div>
`;
