// Jest Snapshot v1, https://goo.gl/fbAQLP

exports[`ColumnChart loading placeholder 1`] = `
<div
  class="ChartContainer--chart- ChartContainer--chart-d0-"
  style="position: relative; padding-top: 6px; width: 300px; height: 300px;"
>
  <svg
    aria-label="Loading interface..."
    preserveAspectRatio="none"
    role="img"
    viewBox="0 0 165 145"
  >
    <title>
      Loading interface...
    </title>
    <rect
      clip-path="CLIP-PATH-URL"
      height="145"
      style="fill: url(#STYLE-URL);"
      width="165"
      x="0"
      y="0"
    />
    <defs>
      <clipPath
        id="CLIP-PATH-URL"
      >
        <rect
          height="1"
          width="135"
          x="10"
          y="135"
        />
        <rect
          height="85"
          width="15"
          x="20"
          y="50"
        />
        <rect
          height="117"
          width="15"
          x="40"
          y="18"
        />
        <rect
          height="67"
          width="15"
          x="60"
          y="68"
        />
        <rect
          height="75"
          width="15"
          x="80"
          y="60"
        />
        <rect
          height="125"
          width="15"
          x="100"
          y="10"
        />
        <rect
          height="60"
          width="15"
          x="120"
          y="75"
        />
      </clipPath>
      <linearGradient
        id="STYLE-URL"
      >
        <stop
          offset="0%"
          stop-color="#6a6d70"
          stop-opacity="0.2"
        >
          <animate
            attributeName="offset"
            dur="2s"
            keyTimes="0; 0.25; 1"
            repeatCount="indefinite"
            values="-2; -2; 1"
          />
        </stop>
        <stop
          offset="50%"
          stop-color="#d9d9d9"
          stop-opacity="1"
        >
          <animate
            attributeName="offset"
            dur="2s"
            keyTimes="0; 0.25; 1"
            repeatCount="indefinite"
            values="-1; -1; 2"
          />
        </stop>
        <stop
          offset="100%"
          stop-color="#6a6d70"
          stop-opacity="0.2"
        >
          <animate
            attributeName="offset"
            dur="2s"
            keyTimes="0; 0.25; 1"
            repeatCount="indefinite"
            values="0; 0; 3"
          />
        </stop>
      </linearGradient>
    </defs>
  </svg>
  <div
    class="legend"
  />
</div>
`;
