// Jest Snapshot v1, https://goo.gl/fbAQLP

exports[`SegmentedButton Update Selection via API 1`] = `
<ul
  class="SegmentedButton--segmentedButton-"
  role="radiogroup"
  tabindex="0"
>
  <li
    class="SegmentedButtonItem--segmentedButtonItem- SegmentedButtonItem--focusableItem- SegmentedButtonItem--selected-"
    data-has-own-width="false"
    id="btn-1"
  >
    Test
  </li>
  <li
    class="SegmentedButtonItem--segmentedButtonItem- SegmentedButtonItem--focusableItem-"
    data-has-own-width="false"
    id="btn-2"
  >
    Test
  </li>
</ul>
`;

exports[`SegmentedButton Update Selection via API 2`] = `
<ul
  class="SegmentedButton--segmentedButton-"
  role="radiogroup"
  tabindex="0"
>
  <li
    class="SegmentedButtonItem--segmentedButtonItem- SegmentedButtonItem--focusableItem-"
    data-has-own-width="false"
    id="btn-1"
  >
    Test
  </li>
  <li
    class="SegmentedButtonItem--segmentedButtonItem- SegmentedButtonItem--focusableItem- SegmentedButtonItem--selected-"
    data-has-own-width="false"
    id="btn-2"
  >
    Test
  </li>
</ul>
`;
