// Jest Snapshot v1, https://goo.gl/fbAQLP

exports[`NotificationListItem Basic Test (generated) 1`] = `
<DocumentFragment>
  <ui5-li-notification
    heading="My Notification"
    priority="High"
    show-close="true"
  >
    <div
      slot="actions"
      style="display: contents;"
    >
      <ui5-notification-action
        design="Transparent"
        text="My Action"
        ui5-notification-action=""
      />
    </div>
  </ui5-li-notification>
</DocumentFragment>
`;
