// Jest Snapshot v1, https://goo.gl/fbAQLP

exports[`VariantManagement Render Basic VariantManagement 1`] = `
<div
  style="display: inline-block;"
>
  <div
    class="VariantManagement-VariantManagement-"
  >
    <span
      class="VariantManagement-VariantManagementText-"
    >
      <h4
        class="Component-title- Component-h4-"
      >
        Variant 1
      </h4>
    </span>
    <button
      class="Button-button- Button-compact- Button-transparent-"
    >
      <span
        class="Button-buttonInner- Button-iconOnly-"
      >
        <span
          aria-label="navigation-down-arrow"
          class="Icon-icon- Icon-icon-"
          data-icon-content="î‡¢"
          role="presentation"
          style="font-family: SAP-icons;"
          tabindex="-1"
        />
      </span>
    </button>
  </div>
</div>
`;
