// Jest Snapshot v1, https://goo.gl/fbAQLP

exports[`TableRow Basic Test (generated) 1`] = `<ui5-table-row />`;
