// Jest Snapshot v1, https://goo.gl/fbAQLP

exports[`Slider Basic Test (generated) 1`] = `
<DocumentFragment>
  <ui5-slider
    label-interval="0"
    max="100"
    min="0"
    step="1"
    ui5-slider=""
    value="0"
  />
</DocumentFragment>
`;
