// Jest Snapshot v1, https://goo.gl/fbAQLP

exports[`PieChart Renders with data 1`] = `
<div
  style="font-family: var(--sapFontFamily); width: 50%; height: 400px; position: relative;"
>
  <div
    class="recharts-responsive-container"
    id="undefined"
    style="width: 100%; height: 100%;"
  >
    <div />
  </div>
</div>
`;

exports[`PieChart loading placeholder 1`] = `
<div
  style="font-family: var(--sapFontFamily); width: 50%; height: 400px; position: relative;"
>
  <svg
    aria-labelledby="ARIA-LABELLED-BY"
    height="100%"
    preserveAspectRatio="xMidYMid meet"
    role="img"
    viewBox="0 0 165 145"
    width="100%"
  >
    <title
      id="TITLE_ARIA_ID"
    >
      Loading...
    </title>
    <rect
      clip-path="CLIP-PATH-URL"
      height="100%"
      role="presentation"
      style="fill: url(#STYLE-URL);"
      width="100%"
      x="0"
      y="0"
    />
    <defs
      role="presentation"
    >
      <clipPath
        id="CLIP-PATH-URL"
      >
        <rect
          height="135"
          width="1"
          x="20"
          y="10"
        />
        <rect
          height="15"
          width="85"
          x="20"
          y="20"
        />
        <rect
          height="15"
          width="117"
          x="20"
          y="40"
        />
        <rect
          height="15"
          width="67"
          x="20"
          y="60"
        />
        <rect
          height="15"
          width="75"
          x="20"
          y="80"
        />
        <rect
          height="15"
          width="125"
          x="20"
          y="100"
        />
        <rect
          height="15"
          width="60"
          x="20"
          y="120"
        />
      </clipPath>
      <linearGradient
        id="STYLE-URL"
      >
        <stop
          offset="0%"
          stop-color="var(--sapContent_ImagePlaceholderBackground)"
          stop-opacity="var(--sapContent_DisabledOpacity)"
        >
          <animate
            attributeName="offset"
            dur="2s"
            keyTimes="0; 0.25; 1"
            repeatCount="indefinite"
            values="-2; -2; 1"
          />
        </stop>
        <stop
          offset="50%"
          stop-color="var(--sapContent_ImagePlaceholderForegroundColor)"
          stop-opacity="1"
        >
          <animate
            attributeName="offset"
            dur="2s"
            keyTimes="0; 0.25; 1"
            repeatCount="indefinite"
            values="-1; -1; 2"
          />
        </stop>
        <stop
          offset="100%"
          stop-color="var(--sapContent_ImagePlaceholderBackground)"
          stop-opacity="var(--sapContent_DisabledOpacity)"
        >
          <animate
            attributeName="offset"
            dur="2s"
            keyTimes="0; 0.25; 1"
            repeatCount="indefinite"
            values="0; 0; 3"
          />
        </stop>
      </linearGradient>
    </defs>
  </svg>
</div>
`;
