// Jest Snapshot v1, https://goo.gl/fbAQLP

exports[`Switch Basic Test (generated) 1`] = `<ui5-switch />`;
