// Jest Snapshot v1, https://goo.gl/fbAQLP

exports[`MultiComboBox Basic Test (generated) 1`] = `
<ui5-multi-combobox
  placeholder=""
  value=""
  value-state="None"
/>
`;
