// Jest Snapshot v1, https://goo.gl/fbAQLP

exports[`DurationPicker Basic Test (generated) 1`] = `
<ui5-duration-picker
  value="00:00:00"
  value-state="None"
/>
`;
